<div class="Atletik-bzh57p">red</div>
<div class="Atletik-4yw8vx">green: foo</div>



<div class="Atletik-4yw8vx">green: bar</div>


